src/modules/projects/ui/views/project-view.tsx(53,45): error TS2367: This comparison appears to be unintentional because the types '"chat"' and '"code"' have no overlap.
